../Core/Src/imu.cpp:15:6:void HAL_SPI_RxCpltCallback(SPI_HandleTypeDef*)	16	static
../Core/Src/imu.cpp:19:6:void HAL_SPI_TxCpltCallback(SPI_HandleTypeDef*)	16	static
../Core/Src/imu.cpp:29:6:void NU_IMU_Init()	8	static
../Core/Src/imu.cpp:106:6:void NU_IMU_WriteReg(uint8_t, uint8_t)	24	static
../Core/Src/imu.cpp:122:6:void NU_IMU_ReadReg(uint8_t, uint8_t*)	32	static
../Core/Src/imu.cpp:142:6:void NU_IMU_ReadBurst(uint8_t, uint8_t*, uint16_t)	88	dynamic
../Core/Src/imu.cpp:174:6:void NU_IMU_ReadSlowly(uint8_t*, uint8_t*, uint16_t)	48	static
../Core/Src/imu.cpp:195:6:void NU_IMU_ReadFifo(uint8_t*, uint16_t)	88	dynamic
../Core/Src/imu.cpp:227:6:void NU_IMU_ConvertRawData(NU_IMU_raw_data*, NU_IMU_converted_data*)	16	static
../Core/Src/imu.cpp:256:6:bool NU_IMU_CheckForReceive()	4	static
../Core/Src/imu.cpp:270:6:bool NU_IMU_CheckForTransmit()	4	static
../Core/Src/imu.cpp:285:6:void NU_IMU_TransmitReceive_IT(uint8_t*, uint8_t*, uint16_t)	24	static
../Core/Src/imu.cpp:297:6:void NU_IMU_BlockingTransmit(uint8_t*, uint16_t)	16	static
../Core/Src/imu.cpp:305:6:void NU_IMU_Transmit(uint8_t, uint8_t, int)	24	static
../Core/Src/imu.cpp:313:6:void NU_IMU_TransmitReceive(uint8_t, uint8_t, uint8_t*, int)	40	static
