/opt/st/stm32cubeide_1.13.0/plugins/com.st.stm32cube.ide.mcu.externaltools.gnu-tools-for-stm32.11.3.rel1.linux64_1.1.0.202305231506/tools/arm-none-eabi/include/c++/11.3.1/arm-none-eabi/thumb/v7e-m+dp/hard/bits/gthr-default.h:229:1:int __gthread_key_delete(__gthread_key_t)    16    static
../Core/Src/platform/NUsense/process_data.cpp:9:10:void platform::NUsense::process_servo_data(std::array<platform::ServoState, 20>&, dynamixel::StatusReturnCommand<17>)    424    static
/opt/st/stm32cubeide_1.13.0/plugins/com.st.stm32cube.ide.mcu.externaltools.gnu-tools-for-stm32.11.3.rel1.linux64_1.1.0.202305231506/tools/arm-none-eabi/include/c++/11.3.1/array:261:7:const value_type* std::array<_Tp, _Nm>::data() const [with _Tp = unsigned char; unsigned int _Nm = 17]    16    static
/opt/st/stm32cubeide_1.13.0/plugins/com.st.stm32cube.ide.mcu.externaltools.gnu-tools-for-stm32.11.3.rel1.linux64_1.1.0.202305231506/tools/arm-none-eabi/include/c++/11.3.1/array:186:7:std::array<_Tp, _Nm>::value_type& std::array<_Tp, _Nm>::operator[](std::array<_Tp, _Nm>::size_type) [with _Tp = platform::ServoState; unsigned int _Nm = 20]    16    static
/opt/st/stm32cubeide_1.13.0/plugins/com.st.stm32cube.ide.mcu.externaltools.gnu-tools-for-stm32.11.3.rel1.linux64_1.1.0.202305231506/tools/arm-none-eabi/include/c++/11.3.1/array:60:7:static constexpr _Tp* std::__array_traits<_Tp, _Nm>::_S_ptr(const _Tp (&)[_Nm]) [with _Tp = unsigned char; unsigned int _Nm = 17]    16    static
/opt/st/stm32cubeide_1.13.0/plugins/com.st.stm32cube.ide.mcu.externaltools.gnu-tools-for-stm32.11.3.rel1.linux64_1.1.0.202305231506/tools/arm-none-eabi/include/c++/11.3.1/array:56:7:static constexpr _Tp& std::__array_traits<_Tp, _Nm>::_S_ref(const _Tp (&)[_Nm], std::size_t) [with _Tp = platform::ServoState; unsigned int _Nm = 20]    16    static
