../Core/Src/platform/NUsense/NUsenseIO/../../../uart/Port.hpp:190:20:const uint16_t uart::Port::write(const uint8_t*, uint16_t)	32	static
/opt/st/stm32cubeide_1.13.0/plugins/com.st.stm32cube.ide.mcu.externaltools.gnu-tools-for-stm32.11.3.rel1.linux64_1.1.0.202305231506/tools/arm-none-eabi/include/c++/11.3.1/arm-none-eabi/thumb/v7e-m+dp/hard/bits/gthr-default.h:229:1:int __gthread_key_delete(__gthread_key_t)	16	static
../Core/Src/platform/NUsense/NUsenseIO/../../../dynamixel/Read.hpp:25:9:dynamixel::ReadCommand::ReadCommand(uint8_t, uint16_t, uint16_t)	24	static
../Core/Src/platform/NUsense/NUsenseIO/../../../dynamixel/Packetiser.hpp:58:9:dynamixel::Packetiser::Packetiser()	16	static
../Core/Src/platform/NUsense/NUsenseIO/../../../dynamixel/Packetiser.hpp:118:20:const bool dynamixel::Packetiser::decode(uint8_t)	32	static
../Core/Src/platform/NUsense/NUsenseIO/../../../dynamixel/Packetiser.hpp:199:24:const uint8_t* dynamixel::Packetiser::get_decoded_packet() const	16	static
../Core/Src/platform/NUsense/NUsenseIO/../../../dynamixel/Packetiser.hpp:205:24:const uint16_t dynamixel::Packetiser::get_decoded_length() const	16	static
../Core/Src/platform/NUsense/NUsenseIO/../../../dynamixel/Packetiser.hpp:211:24:const uint16_t dynamixel::Packetiser::get_decoded_crc() const	16	static
../Core/Src/platform/NUsense/NUsenseIO/../../../dynamixel/Packetiser.hpp:217:20:const bool dynamixel::Packetiser::is_packet_ready() const	16	static
../Core/Src/platform/NUsense/NUsenseIO/../../../dynamixel/Packetiser.hpp:223:14:void dynamixel::Packetiser::reset()	16	static
../Core/Src/platform/NUsense/NUsenseIO/../../../dynamixel/Packetiser.hpp:286:25:static uint16_t dynamixel::Packetiser::update_crc(uint16_t, uint8_t)	24	static
../Core/Src/platform/NUsense/NUsenseIO/../../../dynamixel/PacketHandler.hpp:28:9:dynamixel::PacketHandler::PacketHandler(uart::Port&)	16	static
../Core/Src/platform/NUsense/NUsenseIO/../../../dynamixel/PacketHandler.hpp:39:17:dynamixel::PacketHandler::~PacketHandler()	16	static
../Core/Src/platform/NUsense/NUsenseIO/../../../dynamixel/PacketHandler.hpp:39:17:virtual dynamixel::PacketHandler::~PacketHandler()	16	static
../Core/Src/platform/NUsense/NUsenseIO/../../../dynamixel/PacketHandler.hpp:102:14:void dynamixel::PacketHandler::reset()	16	static
../Core/Src/platform/NUsense/NUsenseIO/../../../dynamixel/PacketHandler.hpp:127:22:const dynamixel::PacketHandler::Result dynamixel::PacketHandler::get_result() const	16	static
/opt/st/stm32cubeide_1.13.0/plugins/com.st.stm32cube.ide.mcu.externaltools.gnu-tools-for-stm32.11.3.rel1.linux64_1.1.0.202305231506/tools/arm-none-eabi/include/c++/11.3.1/bits/stl_vector.h:128:14:std::_Vector_base<platform::NUsense::NUgus::ID, std::allocator<platform::NUsense::NUgus::ID> >::_Vector_impl::~_Vector_impl()	16	static
../Core/Src/platform/NUsense/NUsenseIO/startup.cpp:5:10:void platform::NUsense::NUsenseIO::startup()	2616	static
/opt/st/stm32cubeide_1.13.0/plugins/com.st.stm32cube.ide.mcu.externaltools.gnu-tools-for-stm32.11.3.rel1.linux64_1.1.0.202305231506/tools/arm-none-eabi/include/c++/11.3.1/array:257:7:std::array<_Tp, _Nm>::value_type* std::array<_Tp, _Nm>::data() [with _Tp = unsigned char; unsigned int _Nm = 65535]	16	static
../Core/Src/platform/NUsense/NUsenseIO/../../../dynamixel/Dynamixel.hpp:42:21:uint16_t dynamixel::calculate_crc(const T*, uint16_t) [with T = dynamixel::ReadCommand]	32	static
/opt/st/stm32cubeide_1.13.0/plugins/com.st.stm32cube.ide.mcu.externaltools.gnu-tools-for-stm32.11.3.rel1.linux64_1.1.0.202305231506/tools/arm-none-eabi/include/c++/11.3.1/array:186:7:std::array<_Tp, _Nm>::value_type& std::array<_Tp, _Nm>::operator[](std::array<_Tp, _Nm>::size_type) [with _Tp = unsigned char; unsigned int _Nm = 2048]	16	static
/opt/st/stm32cubeide_1.13.0/plugins/com.st.stm32cube.ide.mcu.externaltools.gnu-tools-for-stm32.11.3.rel1.linux64_1.1.0.202305231506/tools/arm-none-eabi/include/c++/11.3.1/array:261:7:const value_type* std::array<_Tp, _Nm>::data() const [with _Tp = unsigned char; unsigned int _Nm = 2048]	16	static
/opt/st/stm32cubeide_1.13.0/plugins/com.st.stm32cube.ide.mcu.externaltools.gnu-tools-for-stm32.11.3.rel1.linux64_1.1.0.202305231506/tools/arm-none-eabi/include/c++/11.3.1/bits/allocator.h:174:7:std::allocator< <template-parameter-1-1> >::~allocator() [with _Tp = platform::NUsense::NUgus::ID]	16	static
/opt/st/stm32cubeide_1.13.0/plugins/com.st.stm32cube.ide.mcu.externaltools.gnu-tools-for-stm32.11.3.rel1.linux64_1.1.0.202305231506/tools/arm-none-eabi/include/c++/11.3.1/bits/stl_vector.h:678:7:std::vector<_Tp, _Alloc>::~vector() [with _Tp = platform::NUsense::NUgus::ID; _Alloc = std::allocator<platform::NUsense::NUgus::ID>]	24	static
/opt/st/stm32cubeide_1.13.0/plugins/com.st.stm32cube.ide.mcu.externaltools.gnu-tools-for-stm32.11.3.rel1.linux64_1.1.0.202305231506/tools/arm-none-eabi/include/c++/11.3.1/array:186:7:std::array<_Tp, _Nm>::value_type& std::array<_Tp, _Nm>::operator[](std::array<_Tp, _Nm>::size_type) [with _Tp = uart::Port; unsigned int _Nm = 6]	16	static
/opt/st/stm32cubeide_1.13.0/plugins/com.st.stm32cube.ide.mcu.externaltools.gnu-tools-for-stm32.11.3.rel1.linux64_1.1.0.202305231506/tools/arm-none-eabi/include/c++/11.3.1/bits/stl_vector.h:333:7:std::_Vector_base<_Tp, _Alloc>::~_Vector_base() [with _Tp = platform::NUsense::NUgus::ID; _Alloc = std::allocator<platform::NUsense::NUgus::ID>]	16	static
/opt/st/stm32cubeide_1.13.0/plugins/com.st.stm32cube.ide.mcu.externaltools.gnu-tools-for-stm32.11.3.rel1.linux64_1.1.0.202305231506/tools/arm-none-eabi/include/c++/11.3.1/array:127:7:std::array<_Tp, _Nm>::value_type* std::array<_Tp, _Nm>::begin() [with _Tp = uart::Port; unsigned int _Nm = 6]	16	static
/opt/st/stm32cubeide_1.13.0/plugins/com.st.stm32cube.ide.mcu.externaltools.gnu-tools-for-stm32.11.3.rel1.linux64_1.1.0.202305231506/tools/arm-none-eabi/include/c++/11.3.1/array:135:7:std::array<_Tp, _Nm>::value_type* std::array<_Tp, _Nm>::end() [with _Tp = uart::Port; unsigned int _Nm = 6]	16	static
/opt/st/stm32cubeide_1.13.0/plugins/com.st.stm32cube.ide.mcu.externaltools.gnu-tools-for-stm32.11.3.rel1.linux64_1.1.0.202305231506/tools/arm-none-eabi/include/c++/11.3.1/array:186:7:std::array<_Tp, _Nm>::value_type& std::array<_Tp, _Nm>::operator[](std::array<_Tp, _Nm>::size_type) [with _Tp = std::vector<platform::NUsense::NUgus::ID>; unsigned int _Nm = 6]	16	static
/opt/st/stm32cubeide_1.13.0/plugins/com.st.stm32cube.ide.mcu.externaltools.gnu-tools-for-stm32.11.3.rel1.linux64_1.1.0.202305231506/tools/arm-none-eabi/include/c++/11.3.1/bits/stl_vector.h:811:7:std::vector<_Tp, _Alloc>::iterator std::vector<_Tp, _Alloc>::begin() [with _Tp = platform::NUsense::NUgus::ID; _Alloc = std::allocator<platform::NUsense::NUgus::ID>]	24	static
/opt/st/stm32cubeide_1.13.0/plugins/com.st.stm32cube.ide.mcu.externaltools.gnu-tools-for-stm32.11.3.rel1.linux64_1.1.0.202305231506/tools/arm-none-eabi/include/c++/11.3.1/bits/stl_vector.h:829:7:std::vector<_Tp, _Alloc>::iterator std::vector<_Tp, _Alloc>::end() [with _Tp = platform::NUsense::NUgus::ID; _Alloc = std::allocator<platform::NUsense::NUgus::ID>]	24	static
/opt/st/stm32cubeide_1.13.0/plugins/com.st.stm32cube.ide.mcu.externaltools.gnu-tools-for-stm32.11.3.rel1.linux64_1.1.0.202305231506/tools/arm-none-eabi/include/c++/11.3.1/bits/stl_iterator.h:1178:5:bool __gnu_cxx::operator!=(const __gnu_cxx::__normal_iterator<_Iterator, _Container>&, const __gnu_cxx::__normal_iterator<_Iterator, _Container>&) [with _Iterator = platform::NUsense::NUgus::ID*; _Container = std::vector<platform::NUsense::NUgus::ID>]	24	static
/opt/st/stm32cubeide_1.13.0/plugins/com.st.stm32cube.ide.mcu.externaltools.gnu-tools-for-stm32.11.3.rel1.linux64_1.1.0.202305231506/tools/arm-none-eabi/include/c++/11.3.1/bits/stl_iterator.h:1051:7:__gnu_cxx::__normal_iterator<_Iterator, _Container>& __gnu_cxx::__normal_iterator<_Iterator, _Container>::operator++() [with _Iterator = platform::NUsense::NUgus::ID*; _Container = std::vector<platform::NUsense::NUgus::ID>]	16	static
/opt/st/stm32cubeide_1.13.0/plugins/com.st.stm32cube.ide.mcu.externaltools.gnu-tools-for-stm32.11.3.rel1.linux64_1.1.0.202305231506/tools/arm-none-eabi/include/c++/11.3.1/bits/stl_iterator.h:1041:7:__gnu_cxx::__normal_iterator<_Iterator, _Container>::reference __gnu_cxx::__normal_iterator<_Iterator, _Container>::operator*() const [with _Iterator = platform::NUsense::NUgus::ID*; _Container = std::vector<platform::NUsense::NUgus::ID>]	16	static
../Core/Src/platform/NUsense/NUsenseIO/../../../dynamixel/Write.hpp:25:9:dynamixel::WriteCommand<T>::WriteCommand(uint8_t, uint16_t, T) [with T = unsigned char]	16	static
../Core/Src/platform/NUsense/NUsenseIO/../../../uart/Port.hpp:209:20:const uint16_t uart::Port::write(const T&) [with T = dynamixel::WriteCommand<unsigned char>]	16	static
../Core/Src/platform/NUsense/NUsenseIO/../../../dynamixel/PacketHandler.hpp:47:22:const dynamixel::PacketHandler::Result dynamixel::PacketHandler::check_sts(platform::NUsense::NUgus::ID) [with short unsigned int N = 0]	40	static
../Core/Src/platform/NUsense/NUsenseIO/../../../dynamixel/Write.hpp:25:9:dynamixel::WriteCommand<T>::WriteCommand(uint8_t, uint16_t, T) [with T = std::array<short unsigned int, 17>]	32	static
../Core/Src/platform/NUsense/NUsenseIO/../../../uart/Port.hpp:209:20:const uint16_t uart::Port::write(const T&) [with T = dynamixel::WriteCommand<std::array<short unsigned int, 17> >]	16	static
../Core/Src/platform/NUsense/NUsenseIO/../../../dynamixel/Write.hpp:25:9:dynamixel::WriteCommand<T>::WriteCommand(uint8_t, uint16_t, T) [with T = std::array<short unsigned int, 11>]	24	static
../Core/Src/platform/NUsense/NUsenseIO/../../../uart/Port.hpp:209:20:const uint16_t uart::Port::write(const T&) [with T = dynamixel::WriteCommand<std::array<short unsigned int, 11> >]	16	static
../Core/Src/platform/NUsense/NUsenseIO/../../../dynamixel/Write.hpp:25:9:dynamixel::WriteCommand<T>::WriteCommand(uint8_t, uint16_t, T) [with T = std::array<short unsigned int, 24>]	32	static
../Core/Src/platform/NUsense/NUsenseIO/../../../uart/Port.hpp:209:20:const uint16_t uart::Port::write(const T&) [with T = dynamixel::WriteCommand<std::array<short unsigned int, 24> >]	16	static
/opt/st/stm32cubeide_1.13.0/plugins/com.st.stm32cube.ide.mcu.externaltools.gnu-tools-for-stm32.11.3.rel1.linux64_1.1.0.202305231506/tools/arm-none-eabi/include/c++/11.3.1/bits/stl_vector.h:553:7:std::vector<_Tp, _Alloc>::vector(const std::vector<_Tp, _Alloc>&) [with _Tp = platform::NUsense::NUgus::ID; _Alloc = std::allocator<platform::NUsense::NUgus::ID>]	40	static
/opt/st/stm32cubeide_1.13.0/plugins/com.st.stm32cube.ide.mcu.externaltools.gnu-tools-for-stm32.11.3.rel1.linux64_1.1.0.202305231506/tools/arm-none-eabi/include/c++/11.3.1/array:186:7:std::array<_Tp, _Nm>::value_type& std::array<_Tp, _Nm>::operator[](std::array<_Tp, _Nm>::size_type) [with _Tp = unsigned char; unsigned int _Nm = 6]	16	static
/opt/st/stm32cubeide_1.13.0/plugins/com.st.stm32cube.ide.mcu.externaltools.gnu-tools-for-stm32.11.3.rel1.linux64_1.1.0.202305231506/tools/arm-none-eabi/include/c++/11.3.1/bits/stl_vector.h:1043:7:std::vector<_Tp, _Alloc>::reference std::vector<_Tp, _Alloc>::operator[](std::vector<_Tp, _Alloc>::size_type) [with _Tp = platform::NUsense::NUgus::ID; _Alloc = std::allocator<platform::NUsense::NUgus::ID>]	16	static
../Core/Src/platform/NUsense/NUsenseIO/../../../uart/Port.hpp:209:20:const uint16_t uart::Port::write(const T&) [with T = dynamixel::ReadCommand]	16	static
/opt/st/stm32cubeide_1.13.0/plugins/com.st.stm32cube.ide.mcu.externaltools.gnu-tools-for-stm32.11.3.rel1.linux64_1.1.0.202305231506/tools/arm-none-eabi/include/c++/11.3.1/array:60:7:static constexpr _Tp* std::__array_traits<_Tp, _Nm>::_S_ptr(const _Tp (&)[_Nm]) [with _Tp = unsigned char; unsigned int _Nm = 65535]	16	static
/opt/st/stm32cubeide_1.13.0/plugins/com.st.stm32cube.ide.mcu.externaltools.gnu-tools-for-stm32.11.3.rel1.linux64_1.1.0.202305231506/tools/arm-none-eabi/include/c++/11.3.1/array:56:7:static constexpr _Tp& std::__array_traits<_Tp, _Nm>::_S_ref(const _Tp (&)[_Nm], std::size_t) [with _Tp = unsigned char; unsigned int _Nm = 2048]	16	static
/opt/st/stm32cubeide_1.13.0/plugins/com.st.stm32cube.ide.mcu.externaltools.gnu-tools-for-stm32.11.3.rel1.linux64_1.1.0.202305231506/tools/arm-none-eabi/include/c++/11.3.1/array:60:7:static constexpr _Tp* std::__array_traits<_Tp, _Nm>::_S_ptr(const _Tp (&)[_Nm]) [with _Tp = unsigned char; unsigned int _Nm = 2048]	16	static
/opt/st/stm32cubeide_1.13.0/plugins/com.st.stm32cube.ide.mcu.externaltools.gnu-tools-for-stm32.11.3.rel1.linux64_1.1.0.202305231506/tools/arm-none-eabi/include/c++/11.3.1/ext/new_allocator.h:89:7:__gnu_cxx::new_allocator<_Tp>::~new_allocator() [with _Tp = platform::NUsense::NUgus::ID]	16	static
/opt/st/stm32cubeide_1.13.0/plugins/com.st.stm32cube.ide.mcu.externaltools.gnu-tools-for-stm32.11.3.rel1.linux64_1.1.0.202305231506/tools/arm-none-eabi/include/c++/11.3.1/bits/stl_vector.h:276:7:std::_Vector_base<_Tp, _Alloc>::_Tp_alloc_type& std::_Vector_base<_Tp, _Alloc>::_M_get_Tp_allocator() [with _Tp = platform::NUsense::NUgus::ID; _Alloc = std::allocator<platform::NUsense::NUgus::ID>]	16	static
/opt/st/stm32cubeide_1.13.0/plugins/com.st.stm32cube.ide.mcu.externaltools.gnu-tools-for-stm32.11.3.rel1.linux64_1.1.0.202305231506/tools/arm-none-eabi/include/c++/11.3.1/bits/alloc_traits.h:845:5:void std::_Destroy(_ForwardIterator, _ForwardIterator, std::allocator<_T2>&) [with _ForwardIterator = platform::NUsense::NUgus::ID*; _Tp = platform::NUsense::NUgus::ID]	24	static
/opt/st/stm32cubeide_1.13.0/plugins/com.st.stm32cube.ide.mcu.externaltools.gnu-tools-for-stm32.11.3.rel1.linux64_1.1.0.202305231506/tools/arm-none-eabi/include/c++/11.3.1/array:56:7:static constexpr _Tp& std::__array_traits<_Tp, _Nm>::_S_ref(const _Tp (&)[_Nm], std::size_t) [with _Tp = uart::Port; unsigned int _Nm = 6]	16	static
/opt/st/stm32cubeide_1.13.0/plugins/com.st.stm32cube.ide.mcu.externaltools.gnu-tools-for-stm32.11.3.rel1.linux64_1.1.0.202305231506/tools/arm-none-eabi/include/c++/11.3.1/bits/allocator.h:159:7:std::allocator< <template-parameter-1-1> >::allocator(const std::allocator< <template-parameter-1-1> >&) [with _Tp = platform::NUsense::NUgus::ID]	16	static
/opt/st/stm32cubeide_1.13.0/plugins/com.st.stm32cube.ide.mcu.externaltools.gnu-tools-for-stm32.11.3.rel1.linux64_1.1.0.202305231506/tools/arm-none-eabi/include/c++/11.3.1/bits/stl_vector.h:350:7:void std::_Vector_base<_Tp, _Alloc>::_M_deallocate(std::_Vector_base<_Tp, _Alloc>::pointer, std::size_t) [with _Tp = platform::NUsense::NUgus::ID; _Alloc = std::allocator<platform::NUsense::NUgus::ID>]	24	static
/opt/st/stm32cubeide_1.13.0/plugins/com.st.stm32cube.ide.mcu.externaltools.gnu-tools-for-stm32.11.3.rel1.linux64_1.1.0.202305231506/tools/arm-none-eabi/include/c++/11.3.1/array:257:7:std::array<_Tp, _Nm>::value_type* std::array<_Tp, _Nm>::data() [with _Tp = uart::Port; unsigned int _Nm = 6]	16	static
/opt/st/stm32cubeide_1.13.0/plugins/com.st.stm32cube.ide.mcu.externaltools.gnu-tools-for-stm32.11.3.rel1.linux64_1.1.0.202305231506/tools/arm-none-eabi/include/c++/11.3.1/array:56:7:static constexpr _Tp& std::__array_traits<_Tp, _Nm>::_S_ref(const _Tp (&)[_Nm], std::size_t) [with _Tp = std::vector<platform::NUsense::NUgus::ID>; unsigned int _Nm = 6]	16	static
/opt/st/stm32cubeide_1.13.0/plugins/com.st.stm32cube.ide.mcu.externaltools.gnu-tools-for-stm32.11.3.rel1.linux64_1.1.0.202305231506/tools/arm-none-eabi/include/c++/11.3.1/bits/stl_iterator.h:1026:7:__gnu_cxx::__normal_iterator<_Iterator, _Container>::__normal_iterator(const _Iterator&) [with _Iterator = platform::NUsense::NUgus::ID*; _Container = std::vector<platform::NUsense::NUgus::ID>]	16	static
/opt/st/stm32cubeide_1.13.0/plugins/com.st.stm32cube.ide.mcu.externaltools.gnu-tools-for-stm32.11.3.rel1.linux64_1.1.0.202305231506/tools/arm-none-eabi/include/c++/11.3.1/bits/stl_iterator.h:1104:7:const _Iterator& __gnu_cxx::__normal_iterator<_Iterator, _Container>::base() const [with _Iterator = platform::NUsense::NUgus::ID*; _Container = std::vector<platform::NUsense::NUgus::ID>]	16	static
../Core/Src/platform/NUsense/NUsenseIO/../../../dynamixel/Dynamixel.hpp:42:21:uint16_t dynamixel::calculate_crc(const T*, uint16_t) [with T = dynamixel::WriteCommand<unsigned char>]	32	static
../Core/Src/platform/NUsense/NUsenseIO/../../../dynamixel/Dynamixel.hpp:42:21:uint16_t dynamixel::calculate_crc(const T*, uint16_t) [with T = dynamixel::WriteCommand<std::array<short unsigned int, 17> >]	32	static
../Core/Src/platform/NUsense/NUsenseIO/../../../dynamixel/Dynamixel.hpp:42:21:uint16_t dynamixel::calculate_crc(const T*, uint16_t) [with T = dynamixel::WriteCommand<std::array<short unsigned int, 11> >]	32	static
../Core/Src/platform/NUsense/NUsenseIO/../../../dynamixel/Dynamixel.hpp:42:21:uint16_t dynamixel::calculate_crc(const T*, uint16_t) [with T = dynamixel::WriteCommand<std::array<short unsigned int, 24> >]	32	static
/opt/st/stm32cubeide_1.13.0/plugins/com.st.stm32cube.ide.mcu.externaltools.gnu-tools-for-stm32.11.3.rel1.linux64_1.1.0.202305231506/tools/arm-none-eabi/include/c++/11.3.1/bits/stl_vector.h:918:7:std::vector<_Tp, _Alloc>::size_type std::vector<_Tp, _Alloc>::size() const [with _Tp = platform::NUsense::NUgus::ID; _Alloc = std::allocator<platform::NUsense::NUgus::ID>]	16	static
/opt/st/stm32cubeide_1.13.0/plugins/com.st.stm32cube.ide.mcu.externaltools.gnu-tools-for-stm32.11.3.rel1.linux64_1.1.0.202305231506/tools/arm-none-eabi/include/c++/11.3.1/ext/alloc_traits.h:97:29:static constexpr _Alloc __gnu_cxx::__alloc_traits<_Alloc, <template-parameter-1-2> >::_S_select_on_copy(const _Alloc&) [with _Alloc = std::allocator<platform::NUsense::NUgus::ID>; <template-parameter-1-2> = platform::NUsense::NUgus::ID]	16	static
/opt/st/stm32cubeide_1.13.0/plugins/com.st.stm32cube.ide.mcu.externaltools.gnu-tools-for-stm32.11.3.rel1.linux64_1.1.0.202305231506/tools/arm-none-eabi/include/c++/11.3.1/bits/stl_vector.h:280:7:const _Tp_alloc_type& std::_Vector_base<_Tp, _Alloc>::_M_get_Tp_allocator() const [with _Tp = platform::NUsense::NUgus::ID; _Alloc = std::allocator<platform::NUsense::NUgus::ID>]	16	static
/opt/st/stm32cubeide_1.13.0/plugins/com.st.stm32cube.ide.mcu.externaltools.gnu-tools-for-stm32.11.3.rel1.linux64_1.1.0.202305231506/tools/arm-none-eabi/include/c++/11.3.1/bits/stl_vector.h:303:7:std::_Vector_base<_Tp, _Alloc>::_Vector_base(std::size_t, const allocator_type&) [with _Tp = platform::NUsense::NUgus::ID; _Alloc = std::allocator<platform::NUsense::NUgus::ID>]	24	static
/opt/st/stm32cubeide_1.13.0/plugins/com.st.stm32cube.ide.mcu.externaltools.gnu-tools-for-stm32.11.3.rel1.linux64_1.1.0.202305231506/tools/arm-none-eabi/include/c++/11.3.1/bits/stl_vector.h:820:7:std::vector<_Tp, _Alloc>::const_iterator std::vector<_Tp, _Alloc>::begin() const [with _Tp = platform::NUsense::NUgus::ID; _Alloc = std::allocator<platform::NUsense::NUgus::ID>]	24	static
/opt/st/stm32cubeide_1.13.0/plugins/com.st.stm32cube.ide.mcu.externaltools.gnu-tools-for-stm32.11.3.rel1.linux64_1.1.0.202305231506/tools/arm-none-eabi/include/c++/11.3.1/bits/stl_vector.h:838:7:std::vector<_Tp, _Alloc>::const_iterator std::vector<_Tp, _Alloc>::end() const [with _Tp = platform::NUsense::NUgus::ID; _Alloc = std::allocator<platform::NUsense::NUgus::ID>]	24	static
/opt/st/stm32cubeide_1.13.0/plugins/com.st.stm32cube.ide.mcu.externaltools.gnu-tools-for-stm32.11.3.rel1.linux64_1.1.0.202305231506/tools/arm-none-eabi/include/c++/11.3.1/bits/stl_uninitialized.h:331:5:_ForwardIterator std::__uninitialized_copy_a(_InputIterator, _InputIterator, _ForwardIterator, std::allocator<_Tp>&) [with _InputIterator = __gnu_cxx::__normal_iterator<const platform::NUsense::NUgus::ID*, std::vector<platform::NUsense::NUgus::ID> >; _ForwardIterator = platform::NUsense::NUgus::ID*; _Tp = platform::NUsense::NUgus::ID]	24	static
/opt/st/stm32cubeide_1.13.0/plugins/com.st.stm32cube.ide.mcu.externaltools.gnu-tools-for-stm32.11.3.rel1.linux64_1.1.0.202305231506/tools/arm-none-eabi/include/c++/11.3.1/array:56:7:static constexpr _Tp& std::__array_traits<_Tp, _Nm>::_S_ref(const _Tp (&)[_Nm], std::size_t) [with _Tp = unsigned char; unsigned int _Nm = 6]	16	static
/opt/st/stm32cubeide_1.13.0/plugins/com.st.stm32cube.ide.mcu.externaltools.gnu-tools-for-stm32.11.3.rel1.linux64_1.1.0.202305231506/tools/arm-none-eabi/include/c++/11.3.1/bits/stl_vector.h:136:2:std::_Vector_base<_Tp, _Alloc>::_Vector_impl::_Vector_impl(const _Tp_alloc_type&) [with _Tp = platform::NUsense::NUgus::ID; _Alloc = std::allocator<platform::NUsense::NUgus::ID>]	16	static
/opt/st/stm32cubeide_1.13.0/plugins/com.st.stm32cube.ide.mcu.externaltools.gnu-tools-for-stm32.11.3.rel1.linux64_1.1.0.202305231506/tools/arm-none-eabi/include/c++/11.3.1/bits/stl_vector.h:343:7:std::_Vector_base<_Tp, _Alloc>::pointer std::_Vector_base<_Tp, _Alloc>::_M_allocate(std::size_t) [with _Tp = platform::NUsense::NUgus::ID; _Alloc = std::allocator<platform::NUsense::NUgus::ID>]	16	static
/opt/st/stm32cubeide_1.13.0/plugins/com.st.stm32cube.ide.mcu.externaltools.gnu-tools-for-stm32.11.3.rel1.linux64_1.1.0.202305231506/tools/arm-none-eabi/include/c++/11.3.1/bits/stl_construct.h:182:5:void std::_Destroy(_ForwardIterator, _ForwardIterator) [with _ForwardIterator = platform::NUsense::NUgus::ID*]	16	static
/opt/st/stm32cubeide_1.13.0/plugins/com.st.stm32cube.ide.mcu.externaltools.gnu-tools-for-stm32.11.3.rel1.linux64_1.1.0.202305231506/tools/arm-none-eabi/include/c++/11.3.1/ext/new_allocator.h:82:7:__gnu_cxx::new_allocator<_Tp>::new_allocator(const __gnu_cxx::new_allocator<_Tp>&) [with _Tp = platform::NUsense::NUgus::ID]	16	static
/opt/st/stm32cubeide_1.13.0/plugins/com.st.stm32cube.ide.mcu.externaltools.gnu-tools-for-stm32.11.3.rel1.linux64_1.1.0.202305231506/tools/arm-none-eabi/include/c++/11.3.1/bits/alloc_traits.h:495:7:static void std::allocator_traits<std::allocator<_Tp1> >::deallocate(std::allocator_traits<std::allocator<_Tp1> >::allocator_type&, std::allocator_traits<std::allocator<_Tp1> >::pointer, std::allocator_traits<std::allocator<_Tp1> >::size_type) [with _Tp = platform::NUsense::NUgus::ID]	24	static
/opt/st/stm32cubeide_1.13.0/plugins/com.st.stm32cube.ide.mcu.externaltools.gnu-tools-for-stm32.11.3.rel1.linux64_1.1.0.202305231506/tools/arm-none-eabi/include/c++/11.3.1/array:60:7:static constexpr _Tp* std::__array_traits<_Tp, _Nm>::_S_ptr(const _Tp (&)[_Nm]) [with _Tp = uart::Port; unsigned int _Nm = 6]	16	static
/opt/st/stm32cubeide_1.13.0/plugins/com.st.stm32cube.ide.mcu.externaltools.gnu-tools-for-stm32.11.3.rel1.linux64_1.1.0.202305231506/tools/arm-none-eabi/include/c++/11.3.1/bits/alloc_traits.h:562:7:static std::allocator_traits<std::allocator<_Tp1> >::allocator_type std::allocator_traits<std::allocator<_Tp1> >::select_on_container_copy_construction(const allocator_type&) [with _Tp = platform::NUsense::NUgus::ID]	16	static
/opt/st/stm32cubeide_1.13.0/plugins/com.st.stm32cube.ide.mcu.externaltools.gnu-tools-for-stm32.11.3.rel1.linux64_1.1.0.202305231506/tools/arm-none-eabi/include/c++/11.3.1/bits/stl_vector.h:359:7:void std::_Vector_base<_Tp, _Alloc>::_M_create_storage(std::size_t) [with _Tp = platform::NUsense::NUgus::ID; _Alloc = std::allocator<platform::NUsense::NUgus::ID>]	16	static
/opt/st/stm32cubeide_1.13.0/plugins/com.st.stm32cube.ide.mcu.externaltools.gnu-tools-for-stm32.11.3.rel1.linux64_1.1.0.202305231506/tools/arm-none-eabi/include/c++/11.3.1/bits/stl_iterator.h:1026:7:__gnu_cxx::__normal_iterator<_Iterator, _Container>::__normal_iterator(const _Iterator&) [with _Iterator = const platform::NUsense::NUgus::ID*; _Container = std::vector<platform::NUsense::NUgus::ID>]	16	static
/opt/st/stm32cubeide_1.13.0/plugins/com.st.stm32cube.ide.mcu.externaltools.gnu-tools-for-stm32.11.3.rel1.linux64_1.1.0.202305231506/tools/arm-none-eabi/include/c++/11.3.1/bits/stl_uninitialized.h:126:5:_ForwardIterator std::uninitialized_copy(_InputIterator, _InputIterator, _ForwardIterator) [with _InputIterator = __gnu_cxx::__normal_iterator<const platform::NUsense::NUgus::ID*, std::vector<platform::NUsense::NUgus::ID> >; _ForwardIterator = platform::NUsense::NUgus::ID*]	32	static
/opt/st/stm32cubeide_1.13.0/plugins/com.st.stm32cube.ide.mcu.externaltools.gnu-tools-for-stm32.11.3.rel1.linux64_1.1.0.202305231506/tools/arm-none-eabi/include/c++/11.3.1/bits/stl_vector.h:97:2:std::_Vector_base<_Tp, _Alloc>::_Vector_impl_data::_Vector_impl_data() [with _Tp = platform::NUsense::NUgus::ID; _Alloc = std::allocator<platform::NUsense::NUgus::ID>]	16	static
/opt/st/stm32cubeide_1.13.0/plugins/com.st.stm32cube.ide.mcu.externaltools.gnu-tools-for-stm32.11.3.rel1.linux64_1.1.0.202305231506/tools/arm-none-eabi/include/c++/11.3.1/bits/alloc_traits.h:463:7:static _Tp* std::allocator_traits<std::allocator<_Tp1> >::allocate(std::allocator_traits<std::allocator<_Tp1> >::allocator_type&, std::allocator_traits<std::allocator<_Tp1> >::size_type) [with _Tp = platform::NUsense::NUgus::ID]	16	static
/opt/st/stm32cubeide_1.13.0/plugins/com.st.stm32cube.ide.mcu.externaltools.gnu-tools-for-stm32.11.3.rel1.linux64_1.1.0.202305231506/tools/arm-none-eabi/include/c++/11.3.1/bits/stl_construct.h:172:9:static void std::_Destroy_aux<true>::__destroy(_ForwardIterator, _ForwardIterator) [with _ForwardIterator = platform::NUsense::NUgus::ID*]	16	static
/opt/st/stm32cubeide_1.13.0/plugins/com.st.stm32cube.ide.mcu.externaltools.gnu-tools-for-stm32.11.3.rel1.linux64_1.1.0.202305231506/tools/arm-none-eabi/include/c++/11.3.1/ext/new_allocator.h:132:7:void __gnu_cxx::new_allocator<_Tp>::deallocate(_Tp*, __gnu_cxx::new_allocator<_Tp>::size_type) [with _Tp = platform::NUsense::NUgus::ID]	24	static
/opt/st/stm32cubeide_1.13.0/plugins/com.st.stm32cube.ide.mcu.externaltools.gnu-tools-for-stm32.11.3.rel1.linux64_1.1.0.202305231506/tools/arm-none-eabi/include/c++/11.3.1/bits/stl_uninitialized.h:108:9:static _ForwardIterator std::__uninitialized_copy<true>::__uninit_copy(_InputIterator, _InputIterator, _ForwardIterator) [with _InputIterator = __gnu_cxx::__normal_iterator<const platform::NUsense::NUgus::ID*, std::vector<platform::NUsense::NUgus::ID> >; _ForwardIterator = platform::NUsense::NUgus::ID*]	24	static
/opt/st/stm32cubeide_1.13.0/plugins/com.st.stm32cube.ide.mcu.externaltools.gnu-tools-for-stm32.11.3.rel1.linux64_1.1.0.202305231506/tools/arm-none-eabi/include/c++/11.3.1/ext/new_allocator.h:197:7:constexpr __gnu_cxx::new_allocator<_Tp>::size_type __gnu_cxx::new_allocator<_Tp>::_M_max_size() const [with _Tp = platform::NUsense::NUgus::ID]	16	static
/opt/st/stm32cubeide_1.13.0/plugins/com.st.stm32cube.ide.mcu.externaltools.gnu-tools-for-stm32.11.3.rel1.linux64_1.1.0.202305231506/tools/arm-none-eabi/include/c++/11.3.1/ext/new_allocator.h:103:7:_Tp* __gnu_cxx::new_allocator<_Tp>::allocate(__gnu_cxx::new_allocator<_Tp>::size_type, const void*) [with _Tp = platform::NUsense::NUgus::ID]	24	static
/opt/st/stm32cubeide_1.13.0/plugins/com.st.stm32cube.ide.mcu.externaltools.gnu-tools-for-stm32.11.3.rel1.linux64_1.1.0.202305231506/tools/arm-none-eabi/include/c++/11.3.1/bits/stl_algobase.h:611:5:_OI std::copy(_II, _II, _OI) [with _II = __gnu_cxx::__normal_iterator<const platform::NUsense::NUgus::ID*, std::vector<platform::NUsense::NUgus::ID> >; _OI = platform::NUsense::NUgus::ID*]	32	static
/opt/st/stm32cubeide_1.13.0/plugins/com.st.stm32cube.ide.mcu.externaltools.gnu-tools-for-stm32.11.3.rel1.linux64_1.1.0.202305231506/tools/arm-none-eabi/include/c++/11.3.1/bits/cpp_type_traits.h:560:5:_Iterator std::__miter_base(_Iterator) [with _Iterator = __gnu_cxx::__normal_iterator<const platform::NUsense::NUgus::ID*, std::vector<platform::NUsense::NUgus::ID> >]	16	static
/opt/st/stm32cubeide_1.13.0/plugins/com.st.stm32cube.ide.mcu.externaltools.gnu-tools-for-stm32.11.3.rel1.linux64_1.1.0.202305231506/tools/arm-none-eabi/include/c++/11.3.1/bits/stl_algobase.h:527:5:_OI std::__copy_move_a(_II, _II, _OI) [with bool _IsMove = false; _II = __gnu_cxx::__normal_iterator<const platform::NUsense::NUgus::ID*, std::vector<platform::NUsense::NUgus::ID> >; _OI = platform::NUsense::NUgus::ID*]	32	static
/opt/st/stm32cubeide_1.13.0/plugins/com.st.stm32cube.ide.mcu.externaltools.gnu-tools-for-stm32.11.3.rel1.linux64_1.1.0.202305231506/tools/arm-none-eabi/include/c++/11.3.1/bits/stl_iterator.h:1290:5:_Iterator std::__niter_base(__gnu_cxx::__normal_iterator<_Iterator, _Container>) [with _Iterator = const platform::NUsense::NUgus::ID*; _Container = std::vector<platform::NUsense::NUgus::ID>]	16	static
/opt/st/stm32cubeide_1.13.0/plugins/com.st.stm32cube.ide.mcu.externaltools.gnu-tools-for-stm32.11.3.rel1.linux64_1.1.0.202305231506/tools/arm-none-eabi/include/c++/11.3.1/bits/stl_algobase.h:313:5:_Iterator std::__niter_base(_Iterator) [with _Iterator = platform::NUsense::NUgus::ID*]	16	static
/opt/st/stm32cubeide_1.13.0/plugins/com.st.stm32cube.ide.mcu.externaltools.gnu-tools-for-stm32.11.3.rel1.linux64_1.1.0.202305231506/tools/arm-none-eabi/include/c++/11.3.1/bits/stl_algobase.h:521:5:_OI std::__copy_move_a1(_II, _II, _OI) [with bool _IsMove = false; _II = const platform::NUsense::NUgus::ID*; _OI = platform::NUsense::NUgus::ID*]	24	static
/opt/st/stm32cubeide_1.13.0/plugins/com.st.stm32cube.ide.mcu.externaltools.gnu-tools-for-stm32.11.3.rel1.linux64_1.1.0.202305231506/tools/arm-none-eabi/include/c++/11.3.1/bits/stl_algobase.h:335:5:_Iterator std::__niter_wrap(const _Iterator&, _Iterator) [with _Iterator = platform::NUsense::NUgus::ID*]	16	static
/opt/st/stm32cubeide_1.13.0/plugins/com.st.stm32cube.ide.mcu.externaltools.gnu-tools-for-stm32.11.3.rel1.linux64_1.1.0.202305231506/tools/arm-none-eabi/include/c++/11.3.1/bits/stl_iterator.h:1104:7:const _Iterator& __gnu_cxx::__normal_iterator<_Iterator, _Container>::base() const [with _Iterator = const platform::NUsense::NUgus::ID*; _Container = std::vector<platform::NUsense::NUgus::ID>]	16	static
/opt/st/stm32cubeide_1.13.0/plugins/com.st.stm32cube.ide.mcu.externaltools.gnu-tools-for-stm32.11.3.rel1.linux64_1.1.0.202305231506/tools/arm-none-eabi/include/c++/11.3.1/bits/stl_algobase.h:486:5:_OI std::__copy_move_a2(_II, _II, _OI) [with bool _IsMove = false; _II = const platform::NUsense::NUgus::ID*; _OI = platform::NUsense::NUgus::ID*]	24	static
/opt/st/stm32cubeide_1.13.0/plugins/com.st.stm32cube.ide.mcu.externaltools.gnu-tools-for-stm32.11.3.rel1.linux64_1.1.0.202305231506/tools/arm-none-eabi/include/c++/11.3.1/bits/stl_algobase.h:420:2:static _Tp* std::__copy_move<_IsMove, true, std::random_access_iterator_tag>::__copy_m(const _Tp*, const _Tp*, _Tp*) [with _Tp = platform::NUsense::NUgus::ID; bool _IsMove = false]	32	static
